C:\Users\rodri\Documents\springboot\borali-back\borali-back\src\main\java\com\borali\DAO\ProdutoDAO.java
C:\Users\rodri\Documents\springboot\borali-back\borali-back\src\main\java\com\borali\BoraliBackApplication.java
C:\Users\rodri\Documents\springboot\borali-back\borali-back\src\main\java\com\borali\DAO\ComedoriaDAO.java
C:\Users\rodri\Documents\springboot\borali-back\borali-back\src\main\java\com\borali\DAO\UsuarioDAO.java
C:\Users\rodri\Documents\springboot\borali-back\borali-back\src\main\java\com\borali\Controller.java
C:\Users\rodri\Documents\springboot\borali-back\borali-back\src\main\java\com\borali\model\ComedoriaModel.java
C:\Users\rodri\Documents\springboot\borali-back\borali-back\src\main\java\com\borali\entity\CardapioEntity.java
C:\Users\rodri\Documents\springboot\borali-back\borali-back\src\main\java\com\borali\borali\Controller.java
C:\Users\rodri\Documents\springboot\borali-back\borali-back\src\main\java\com\borali\controller\LoginController.java
C:\Users\rodri\Documents\springboot\borali-back\borali-back\src\main\java\com\borali\controller\PerfilUsuario.java
C:\Users\rodri\Documents\springboot\borali-back\borali-back\src\main\java\com\borali\entity\UsuarioEntity.java
C:\Users\rodri\Documents\springboot\borali-back\borali-back\src\main\java\com\borali\model\Produto.java
C:\Users\rodri\Documents\springboot\borali-back\borali-back\src\main\java\com\borali\LogarDeslogar.java
C:\Users\rodri\Documents\springboot\borali-back\borali-back\src\main\java\com\borali\controller\UsuarioController.java
C:\Users\rodri\Documents\springboot\borali-back\borali-back\src\main\java\com\borali\borali\BoraliApplication.java
C:\Users\rodri\Documents\springboot\borali-back\borali-back\src\main\java\com\borali\model\UsuarioModel.java
C:\Users\rodri\Documents\springboot\borali-back\borali-back\src\main\java\com\borali\DAO\CardapioDAO.java
C:\Users\rodri\Documents\springboot\borali-back\borali-back\src\main\java\com\borali\entity\ComedoriaEntity.java
